---
source: tricorders/rust/tests/get_deps_tests.rs
expression: "format!(\"{:#?}\", & signatures)"
---
Ok(
    [
        Signature {
            name: "tests/sources/t002_get_mods.rs",
            rule: "rust_test",
            deps: [],
            runtime_deps: [],
            config: Config {
                _inner: {
                    "srcs": List(
                        [
                            String(
                                "t002_get_mods.rs",
                            ),
                            String(
                                "utils.rs",
                            ),
                        ],
                    ),
                },
            },
        },
    ],
)
