---
source: lib/zap-bin/tests/zap_bin_test.rs
expression: "run(&[\"zap\", \"workspace\", \"info\"])"
---
Name: "sample_project"
Workspace Root: "."

Global Zap Directories:
* Cache: "../_zap_home/cache/_user_ostera/cache"
* Rules: "../_zap_home/rules"
* Toolchains: "../_zap_home/toolchains"

Local Zap Directories:
* Outputs: "./.zap/outputs"
* Rules: "./.zap/rules"
* Sandbox: "./.zap/sandbox"
* Toolchains: "./.zap/toolchains"

# of Targets: 0

